projects/amazon-trend-analyzer/qb_chunks/page_405_skip405000.csv
ASIN Buyability Flag,asin_status,CVR%,revenue,asp,units,gv,Images #,Videos #,Has A+ Content,Buybox Winner,Average Rating,Number of Ratings,bb_price,Ad CTR%,Ad CVR%,bsr,brand,Ad CPC$,ASIN (Description),Update Type,Sold By Amazon,Has Coupon?,Has Store Link?,In Stock Today?,category,Sellable On Hand Units,asin,date,Ad Cost,Ad Sales,Ad Clicks,Ad Impressions,Ad Conversions
In Stock,ACTIVE: PROMO,0.0,,,,1.0,5.0,0.0,True,,4.4,128.0,9.99,,,1666.0,Warner Bros Movies,,"B0BGY6TS9W (Elf: Holiday Plush Squeaker Buddy the Elf, Clausometer, and Ornament Ball Set - 3pc Mesh Bag + Header Card)",[],True,False,False,True,Seasonal Toys,99.0,B0BGY6TS9W,2026-03-31,,,,,
In Stock,ACTIVE: PROMO,0.0,,,,1.0,5.0,0.0,True,,4.4,128.0,9.99,,,1420.0,Warner Bros Movies,,"B0BGY6TS9W (Elf: Holiday Plush Squeaker Buddy the Elf, Clausometer, and Ornament Ball Set - 3pc Mesh Bag + Header Card)",[],True,False,False,True,Seasonal Toys,99.0,B0BGY6TS9W,2026-03-30,,,,,
In Stock,ACTIVE: PROMO,0.0,0.0,,0.0,4.0,5.0,0.0,True,,4.4,128.0,9.99,,,2167.0,Warner Bros Movies,,"B0BGY6TS9W (Elf: Holiday Plush Squeaker Buddy the Elf, Clausometer, and Ornament Ball Set - 3pc Mesh Bag + Header Card)",[],True,False,False,True,Seasonal Toys,99.0,B0BGY6TS9W,2026-03-29,,,,,
In Stock,ACTIVE: PROMO,,10.0,9.99,1.0,,5.0,0.0,True,,4.4,128.0,9.99,,,2169.0,Warner Bros Movies,,"B0BGY6TS9W (Elf: Holiday Plush Squeaker Buddy the Elf, Clausometer, and Ornament Ball Set - 3pc Mesh Bag + Header Card)",[],True,False,False,True,Seasonal Toys,99.0,B0BGY6TS9W,2026-03-28,,,,,
In Stock,ACTIVE: PROMO,,,,,,5.0,0.0,True,,4.4,128.0,9.99,,,2128.0,Warner Bros Movies,,"B0BGY6TS9W (Elf: Holiday Plush Squeaker Buddy the Elf, Clausometer, and Ornament Ball Set - 3pc Mesh Bag + Header Card)",[],True,False,False,True,Seasonal Toys,100.0,B0BGY6TS9W,2026-03-27,,,,,
In Stock,ACTIVE: PROMO,,0.0,,0.0,,5.0,0.0,True,,4.4,128.0,8.62,,,2116.0,Warner Bros Movies,,"B0BGY6TS9W (Elf: Holiday Plush Squeaker Buddy the Elf, Clausometer, and Ornament Ball Set - 3pc Mesh Bag + Header Card)",[],True,False,False,True,Seasonal Toys,100.0,B0BGY6TS9W,2026-03-26,,,,,
In Stock,ACTIVE: PROMO,1.0,10.0,9.99,1.0,1.0,5.0,0.0,True,,4.4,127.0,9.99,,,2107.0,Warner Bros Movies,,"B0BGY6TS9W (Elf: Holiday Plush Squeaker Buddy the Elf, Clausometer, and Ornament Ball Set - 3pc Mesh Bag + Header Card)",[],True,False,False,True,Seasonal Toys,101.0,B0BGY6TS9W,2026-03-25,,,,,
In Stock,ACTIVE: PROMO,0.0,,,,1.0,5.0,0.0,True,,4.4,127.0,9.42,,,2096.0,Warner Bros Movies,,"B0BGY6TS9W (Elf: Holiday Plush Squeaker Buddy the Elf, Clausometer, and Ornament Ball Set - 3pc Mesh Bag + Header Card)",[],True,False,False,True,Seasonal Toys,101.0,B0BGY6TS9W,2026-03-24,,,,,
In Stock,ACTIVE: PROMO,0.0,,,,1.0,5.0,0.0,True,,4.4,127.0,9.42,,,2351.0,Warner Bros Movies,,"B0BGY6TS9W (Elf: Holiday Plush Squeaker Buddy the Elf, Clausometer, and Ornament Ball Set - 3pc Mesh Bag + Header Card)",[],True,False,False,True,Seasonal Toys,101.0,B0BGY6TS9W,2026-03-23,,,,,
In Stock,ACTIVE: PROMO,0.0,,,,1.0,5.0,0.0,True,,4.4,127.0,9.42,,,1924.0,Warner Bros Movies,,"B0BGY6TS9W (Elf: Holiday Plush Squeaker Buddy the Elf, Clausometer, and Ornament Ball Set - 3pc Mesh Bag + Header Card)",[],True,False,False,True,Seasonal Toys,101.0,B0BGY6TS9W,2026-03-22,,,,,
In Stock,ACTIVE: PROMO,0.0,,,,2.0,5.0,0.0,True,,4.4,127.0,9.42,,,1821.0,Warner Bros Movies,,"B0BGY6TS9W (Elf: Holiday Plush Squeaker Buddy the Elf, Clausometer, and Ornament Ball Set - 3pc Mesh Bag + Header Card)",[],True,False,False,True,Seasonal Toys,101.0,B0BGY6TS9W,2026-03-21,,,,,
In Stock,ACTIVE: PROMO,,,,,,5.0,0.0,True,,4.4,127.0,9.42,,,1609.0,Warner Bros Movies,,"B0BGY6TS9W (Elf: Holiday Plush Squeaker Buddy the Elf, Clausometer, and Ornament Ball Set - 3pc Mesh Bag + Header Card)",[],True,False,False,True,Seasonal Toys,101.0,B0BGY6TS9W,2026-03-20,,,,,
In Stock,ACTIVE: PROMO,0.0,,,,1.0,5.0,0.0,True,,4.4,127.0,9.42,,,2057.0,Warner Bros Movies,,"B0BGY6TS9W (Elf: Holiday Plush Squeaker Buddy the Elf, Clausometer, and Ornament Ball Set - 3pc Mesh Bag + Header Card)",[],True,False,False,True,Seasonal Toys,101.0,B0BGY6TS9W,2026-03-19,,,,,
In Stock,ACTIVE: PROMO,,,,,,5.0,0.0,True,,4.4,127.0,9.42,,,2055.0,Warner Bros Movies,,"B0BGY6TS9W (Elf: Holiday Plush Squeaker Buddy the Elf, Clausometer, and Ornament Ball Set - 3pc Mesh Bag + Header Card)",[],True,False,False,True,Seasonal Toys,101.0,B0BGY6TS9W,2026-03-18,,,,,
In Stock,ACTIVE: PROMO,,,,,,5.0,0.0,True,,4.4,125.0,9.9,,,2029.0,Warner Bros Movies,,"B0BGY6TS9W (Elf: Holiday Plush Squeaker Buddy the Elf, Clausometer, and Ornament Ball Set - 3pc Mesh Bag + Header Card)",[],True,False,False,True,Seasonal Toys,101.0,B0BGY6TS9W,2026-03-17,,,,,
In Stock,ACTIVE: PROMO,,,,,,5.0,0.0,True,,4.4,125.0,9.9,,,1930.0,Warner Bros Movies,,"B0BGY6TS9W (Elf: Holiday Plush Squeaker Buddy the Elf, Clausometer, and Ornament Ball Set - 3pc Mesh Bag + Header Card)",[],True,False,False,True,Seasonal Toys,101.0,B0BGY6TS9W,2026-03-16,,,,,
In Stock,ACTIVE: PROMO,,,,,,5.0,0.0,True,,4.4,125.0,9.9,,,1814.0,Warner Bros Movies,,"B0BGY6TS9W (Elf: Holiday Plush Squeaker Buddy the Elf, Clausometer, and Ornament Ball Set - 3pc Mesh Bag + Header Card)",[],True,False,False,True,Seasonal Toys,101.0,B0BGY6TS9W,2026-03-15,,,,,
In Stock,ACTIVE: PROMO,0.0,,,,2.0,5.0,0.0,True,,4.4,125.0,9.9,,,1680.0,Warner Bros Movies,,"B0BGY6TS9W (Elf: Holiday Plush Squeaker Buddy the Elf, Clausometer, and Ornament Ball Set - 3pc Mesh Bag + Header Card)",[],True,False,False,True,Seasonal Toys,101.0,B0BGY6TS9W,2026-03-14,,,,,
In Stock,ACTIVE: PROMO,,,,,,5.0,0.0,True,,4.4,125.0,9.9,,,1455.0,Warner Bros Movies,,"B0BGY6TS9W (Elf: Holiday Plush Squeaker Buddy the Elf, Clausometer, and Ornament Ball Set - 3pc Mesh Bag + Header Card)",[],True,False,False,True,Seasonal Toys,101.0,B0BGY6TS9W,2026-03-13,,,,,
In Stock,ACTIVE: PROMO,0.0,,,,1.0,5.0,0.0,True,,4.4,125.0,9.9,,,1597.0,Warner Bros Movies,,"B0BGY6TS9W (Elf: Holiday Plush Squeaker Buddy the Elf, Clausometer, and Ornament Ball Set - 3pc Mesh Bag + Header Card)",[],True,False,False,True,Seasonal Toys,101.0,B0BGY6TS9W,2026-03-12,,,,,
In Stock,ACTIVE: PROMO,1.0,10.0,9.9,1.0,1.0,5.0,0.0,True,,4.4,125.0,9.9,,,1405.0,Warner Bros Movies,,"B0BGY6TS9W (Elf: Holiday Plush Squeaker Buddy the Elf, Clausometer, and Ornament Ball Set - 3pc Mesh Bag + Header Card)",[],True,False,False,True,Seasonal Toys,101.0,B0BGY6TS9W,2026-03-11,,,,,
In Stock,ACTIVE: PROMO,,,,,,5.0,0.0,True,,4.4,125.0,10.02,,,1561.0,Warner Bros Movies,,"B0BGY6TS9W (Elf: Holiday Plush Squeaker Buddy the Elf, Clausometer, and Ornament Ball Set - 3pc Mesh Bag + Header Card)",[],True,False,False,True,Seasonal Toys,102.0,B0BGY6TS9W,2026-03-10,,,,,
In Stock,ACTIVE: PROMO,0.0,0.0,,0.0,1.0,5.0,0.0,True,,4.4,125.0,10.02,,,1881.0,Warner Bros Movies,,"B0BGY6TS9W (Elf: Holiday Plush Squeaker Buddy the Elf, Clausometer, and Ornament Ball Set - 3pc Mesh Bag + Header Card)",[],True,False,False,True,Seasonal Toys,102.0,B0BGY6TS9W,2026-03-09,,,,,
In Stock,ACTIVE: PROMO,0.5,10.0,10.02,1.0,2.0,5.0,0.0,True,,4.4,125.0,10.02,,,1687.0,Warner Bros Movies,,"B0BGY6TS9W (Elf: Holiday Plush Squeaker Buddy the Elf, Clausometer, and Ornament Ball Set - 3pc Mesh Bag + Header Card)",[],True,False,False,True,Seasonal Toys,103.0,B0BGY6TS9W,2026-03-08,,,,,
In Stock,ACTIVE: PROMO,,,,,,5.0,0.0,True,,4.4,125.0,10.02,,,1422.0,Warner Bros Movies,,"B0BGY6TS9W (Elf: Holiday Plush Squeaker Buddy the Elf, Clausometer, and Ornament Ball Set - 3pc Mesh Bag + Header Card)",[],True,False,False,True,Seasonal Toys,103.0,B0BGY6TS9W,2026-03-07,,,,,
In Stock,ACTIVE: PROMO,,,,,,5.0,0.0,True,,4.4,125.0,10.02,,,1596.0,Warner Bros Movies,,"B0BGY6TS9W (Elf: Holiday Plush Squeaker Buddy the Elf, Clausometer, and Ornament Ball Set - 3pc Mesh Bag + Header Card)",[],True,False,False,True,Seasonal Toys,103.0,B0BGY6TS9W,2026-03-06,,,,,
In Stock,ACTIVE: PROMO,,,,,,5.0,0.0,True,,4.4,126.0,10.69,,,1336.0,Warner Bros Movies,,"B0BGY6TS9W (Elf: Holiday Plush Squeaker Buddy the Elf, Clausometer, and Ornament Ball Set - 3pc Mesh Bag + Header Card)",[],True,False,False,True,Seasonal Toys,103.0,B0BGY6TS9W,2026-03-05,,,,,
In Stock,ACTIVE: PROMO,0.0,,,,3.0,5.0,0.0,True,,4.4,126.0,10.69,,,2079.0,Warner Bros Movies,,"B0BGY6TS9W (Elf: Holiday Plush Squeaker Buddy the Elf, Clausometer, and Ornament Ball Set - 3pc Mesh Bag + Header Card)",[],True,False,False,True,Seasonal Toys,103.0,B0BGY6TS9W,2026-03-04,,,,,
In Stock,ACTIVE: PROMO,,,,,,5.0,0.0,True,,4.4,126.0,11.15,,,2057.0,Warner Bros Movies,,"B0BGY6TS9W (Elf: Holiday Plush Squeaker Buddy the Elf, Clausometer, and Ornament Ball Set - 3pc Mesh Bag + Header Card)",[],True,False,False,True,Seasonal Toys,103.0,B0BGY6TS9W,2026-03-03,,,,,
In Stock,ACTIVE: PROMO,0.0,,,,2.0,5.0,0.0,True,,4.4,126.0,11.15,,,2001.0,Warner Bros Movies,,"B0BGY6TS9W (Elf: Holiday Plush Squeaker Buddy the Elf, Clausometer, and Ornament Ball Set - 3pc Mesh Bag + Header Card)",[],True,False,False,True,Seasonal Toys,103.0,B0BGY6TS9W,2026-03-02,,,,,
In Stock,ACTIVE: PROMO,0.0,,,,3.0,5.0,0.0,True,,4.4,126.0,11.15,,,1922.0,Warner Bros Movies,,"B0BGY6TS9W (Elf: Holiday Plush Squeaker Buddy the Elf, Clausometer, and Ornament Ball Set - 3pc Mesh Bag + Header Card)",[],True,False,False,True,Seasonal Toys,103.0,B0BGY6TS9W,2026-03-01,,,,,
In Stock,ACTIVE: PROMO,0.0,,,,1.0,5.0,0.0,True,,4.4,126.0,11.15,,,1821.0,Warner Bros Movies,,"B0BGY6TS9W (Elf: Holiday Plush Squeaker Buddy the Elf, Clausometer, and Ornament Ball Set - 3pc Mesh Bag + Header Card)",[],True,False,False,True,Seasonal Toys,102.0,B0BGY6TS9W,2026-02-28,,,,,
In Stock,ACTIVE: PROMO,,0.0,,0.0,,5.0,0.0,True,,4.4,126.0,11.2,,,1651.0,Warner Bros Movies,,"B0BGY6TS9W (Elf: Holiday Plush Squeaker Buddy the Elf, Clausometer, and Ornament Ball Set - 3pc Mesh Bag + Header Card)",[],True,False,False,True,Seasonal Toys,103.0,B0BGY6TS9W,2026-02-27,,,,,
In Stock,ACTIVE: PROMO,0.0,,,,1.0,5.0,0.0,True,,4.4,126.0,11.2,,,1469.0,Warner Bros Movies,,"B0BGY6TS9W (Elf: Holiday Plush Squeaker Buddy the Elf, Clausometer, and Ornament Ball Set - 3pc Mesh Bag + Header Card)",[],True,False,False,True,Seasonal Toys,103.0,B0BGY6TS9W,2026-02-26,,,,,
In Stock,ACTIVE: PROMO,,,,,,5.0,0.0,True,,4.4,126.0,11.2,,,1711.0,Warner Bros Movies,,"B0BGY6TS9W (Elf: Holiday Plush Squeaker Buddy the Elf, Clausometer, and Ornament Ball Set - 3pc Mesh Bag + Header Card)",[],True,False,False,True,Seasonal Toys,103.0,B0BGY6TS9W,2026-02-25,,,,,
In Stock,ACTIVE: PROMO,,,,,,5.0,0.0,True,,4.4,126.0,11.2,,,1561.0,Warner Bros Movies,,"B0BGY6TS9W (Elf: Holiday Plush Squeaker Buddy the Elf, Clausometer, and Ornament Ball Set - 3pc Mesh Bag + Header Card)",[],True,False,False,True,Seasonal Toys,102.0,B0BGY6TS9W,2026-02-24,,,,,
In Stock,ACTIVE: PROMO,,,,,,5.0,0.0,True,,4.4,125.0,14.29,,,1876.0,Warner Bros Movies,,"B0BGY6TS9W (Elf: Holiday Plush Squeaker Buddy the Elf, Clausometer, and Ornament Ball Set - 3pc Mesh Bag + Header Card)",[],True,False,False,True,Seasonal Toys,102.0,B0BGY6TS9W,2026-02-23,,,,,
In Stock,ACTIVE: PROMO,0.0,,,,2.0,5.0,0.0,True,,4.4,125.0,14.29,,,1729.0,Warner Bros Movies,,"B0BGY6TS9W (Elf: Holiday Plush Squeaker Buddy the Elf, Clausometer, and Ornament Ball Set - 3pc Mesh Bag + Header Card)",[],True,False,False,True,Seasonal Toys,102.0,B0BGY6TS9W,2026-02-22,,,,,
In Stock,ACTIVE: PROMO,,,,,,5.0,0.0,True,,4.4,125.0,14.29,,,1537.0,Warner Bros Movies,,"B0BGY6TS9W (Elf: Holiday Plush Squeaker Buddy the Elf, Clausometer, and Ornament Ball Set - 3pc Mesh Bag + Header Card)",[],True,False,False,True,Seasonal Toys,102.0,B0BGY6TS9W,2026-02-21,,,,,
In Stock,ACTIVE: PROMO,0.0,,,,1.0,5.0,0.0,True,,4.4,125.0,14.29,,,1893.0,Warner Bros Movies,,"B0BGY6TS9W (Elf: Holiday Plush Squeaker Buddy the Elf, Clausometer, and Ornament Ball Set - 3pc Mesh Bag + Header Card)",[],True,False,False,True,Seasonal Toys,102.0,B0BGY6TS9W,2026-02-20,,,,,
In Stock,ACTIVE: PROMO,0.5,14.0,14.29,1.0,2.0,5.0,0.0,True,,4.4,125.0,14.29,,,1840.0,Warner Bros Movies,,"B0BGY6TS9W (Elf: Holiday Plush Squeaker Buddy the Elf, Clausometer, and Ornament Ball Set - 3pc Mesh Bag + Header Card)",[],True,False,False,True,Seasonal Toys,102.0,B0BGY6TS9W,2026-02-19,,,,,
In Stock,ACTIVE: PROMO,0.0,,,,1.0,5.0,0.0,True,,4.4,125.0,14.29,,,1813.0,Warner Bros Movies,,"B0BGY6TS9W (Elf: Holiday Plush Squeaker Buddy the Elf, Clausometer, and Ornament Ball Set - 3pc Mesh Bag + Header Card)",[],True,False,False,True,Seasonal Toys,101.0,B0BGY6TS9W,2026-02-18,,,,,
In Stock,ACTIVE: PROMO,0.0,,,,1.0,5.0,0.0,True,,4.4,125.0,14.29,,,1785.0,Warner Bros Movies,,"B0BGY6TS9W (Elf: Holiday Plush Squeaker Buddy the Elf, Clausometer, and Ornament Ball Set - 3pc Mesh Bag + Header Card)",[],True,False,False,True,Seasonal Toys,101.0,B0BGY6TS9W,2026-02-17,,,,,
In Stock,ACTIVE: PROMO,0.0,,,,1.0,5.0,0.0,True,,4.4,125.0,14.29,,,1672.0,Warner Bros Movies,,"B0BGY6TS9W (Elf: Holiday Plush Squeaker Buddy the Elf, Clausometer, and Ornament Ball Set - 3pc Mesh Bag + Header Card)",[],True,False,False,True,Seasonal Toys,100.0,B0BGY6TS9W,2026-02-16,,,,,
In Stock,ACTIVE: PROMO,0.0,0.0,,0.0,2.0,5.0,0.0,True,,4.4,125.0,14.29,,,1521.0,Warner Bros Movies,,"B0BGY6TS9W (Elf: Holiday Plush Squeaker Buddy the Elf, Clausometer, and Ornament Ball Set - 3pc Mesh Bag + Header Card)",[],True,False,False,True,Seasonal Toys,100.0,B0BGY6TS9W,2026-02-15,,,,,
In Stock,ACTIVE: PROMO,,,,,,5.0,0.0,True,,4.4,125.0,14.29,,,1335.0,Warner Bros Movies,,"B0BGY6TS9W (Elf: Holiday Plush Squeaker Buddy the Elf, Clausometer, and Ornament Ball Set - 3pc Mesh Bag + Header Card)",[],True,False,False,True,Seasonal Toys,100.0,B0BGY6TS9W,2026-02-14,,,,,
In Stock,ACTIVE: PROMO,,,,,,5.0,0.0,True,,4.3,123.0,14.29,,,1343.0,Warner Bros Movies,,"B0BGY6TS9W (Elf: Holiday Plush Squeaker Buddy the Elf, Clausometer, and Ornament Ball Set - 3pc Mesh Bag + Header Card)",[],True,False,False,True,Seasonal Toys,100.0,B0BGY6TS9W,2026-02-13,,,,,
In Stock,ACTIVE: PROMO,0.0,,,,2.0,5.0,0.0,True,,4.3,123.0,14.29,,,1358.0,Warner Bros Movies,,"B0BGY6TS9W (Elf: Holiday Plush Squeaker Buddy the Elf, Clausometer, and Ornament Ball Set - 3pc Mesh Bag + Header Card)",[],True,False,False,True,Seasonal Toys,100.0,B0BGY6TS9W,2026-02-12,,,,,
In Stock,ACTIVE: PROMO,0.0,,,,5.0,5.0,0.0,True,,4.3,123.0,8.5,,,1463.0,Warner Bros Movies,,"B0BGY6TS9W (Elf: Holiday Plush Squeaker Buddy the Elf, Clausometer, and Ornament Ball Set - 3pc Mesh Bag + Header Card)",[],True,False,False,True,Seasonal Toys,97.0,B0BGY6TS9W,2026-02-11,,,,,
In Stock,ACTIVE: PROMO,0.0,0.0,,0.0,3.0,5.0,0.0,True,,4.4,126.0,8.5,,,1693.0,Warner Bros Movies,,"B0BGY6TS9W (Elf: Holiday Plush Squeaker Buddy the Elf, Clausometer, and Ornament Ball Set - 3pc Mesh Bag + Header Card)",[],True,False,False,True,Seasonal Toys,96.0,B0BGY6TS9W,2026-02-10,,,,,
In Stock,ACTIVE: PROMO,0.0,,,,4.0,5.0,0.0,True,,4.4,126.0,8.5,,,1582.0,Warner Bros Movies,,"B0BGY6TS9W (Elf: Holiday Plush Squeaker Buddy the Elf, Clausometer, and Ornament Ball Set - 3pc Mesh Bag + Header Card)",[],True,False,False,True,Seasonal Toys,98.0,B0BGY6TS9W,2026-02-09,,,,,
In Stock,ACTIVE: PROMO,0.0,0.0,,0.0,1.0,5.0,0.0,True,,4.4,126.0,8.5,,,1377.0,Warner Bros Movies,,"B0BGY6TS9W (Elf: Holiday Plush Squeaker Buddy the Elf, Clausometer, and Ornament Ball Set - 3pc Mesh Bag + Header Card)",[],True,False,False,True,Seasonal Toys,97.0,B0BGY6TS9W,2026-02-08,,,,,
In Stock,ACTIVE: PROMO,0.0,0.0,,0.0,1.0,5.0,0.0,True,,4.4,126.0,8.51,,,1518.0,Warner Bros Movies,,"B0BGY6TS9W (Elf: Holiday Plush Squeaker Buddy the Elf, Clausometer, and Ornament Ball Set - 3pc Mesh Bag + Header Card)",[],True,False,False,True,Seasonal Toys,98.0,B0BGY6TS9W,2026-02-07,,,,,
In Stock,ACTIVE: PROMO,1.0,9.0,8.51,1.0,1.0,5.0,0.0,True,,4.4,126.0,8.51,,,1317.0,Warner Bros Movies,,"B0BGY6TS9W (Elf: Holiday Plush Squeaker Buddy the Elf, Clausometer, and Ornament Ball Set - 3pc Mesh Bag + Header Card)",[],True,False,False,True,Seasonal Toys,97.0,B0BGY6TS9W,2026-02-06,,,,,
In Stock,ACTIVE: PROMO,0.0,,,,1.0,5.0,0.0,True,,4.3,125.0,8.51,,,1391.0,Warner Bros Movies,,"B0BGY6TS9W (Elf: Holiday Plush Squeaker Buddy the Elf, Clausometer, and Ornament Ball Set - 3pc Mesh Bag + Header Card)",[],True,False,False,True,Seasonal Toys,98.0,B0BGY6TS9W,2026-02-05,,,,,
In Stock,ACTIVE: PROMO,,,,,0.0,5.0,0.0,True,,4.3,125.0,8.51,,,1177.0,Warner Bros Movies,,"B0BGY6TS9W (Elf: Holiday Plush Squeaker Buddy the Elf, Clausometer, and Ornament Ball Set - 3pc Mesh Bag + Header Card)",[],True,False,False,True,Seasonal Toys,100.0,B0BGY6TS9W,2026-02-04,,,,,
In Stock,ACTIVE: PROMO,0.0,,,,3.0,5.0,0.0,True,,4.3,125.0,8.51,,,1539.0,Warner Bros Movies,,"B0BGY6TS9W (Elf: Holiday Plush Squeaker Buddy the Elf, Clausometer, and Ornament Ball Set - 3pc Mesh Bag + Header Card)",[],True,False,False,True,Seasonal Toys,100.0,B0BGY6TS9W,2026-02-03,,,,,
In Stock,ACTIVE: PROMO,0.0,,,,1.0,5.0,0.0,True,,4.3,125.0,8.51,,,1364.0,Warner Bros Movies,,"B0BGY6TS9W (Elf: Holiday Plush Squeaker Buddy the Elf, Clausometer, and Ornament Ball Set - 3pc Mesh Bag + Header Card)",[],True,False,False,True,Seasonal Toys,98.0,B0BGY6TS9W,2026-02-02,,,,,
In Stock,ACTIVE: PROMO,0.0,,,,1.0,15.0,0.0,True,,4.3,125.0,8.51,,,1146.0,Warner Bros Movies,,"B0BGY6TS9W (Elf: Holiday Plush Squeaker Buddy the Elf, Clausometer, and Ornament Ball Set - 3pc Mesh Bag + Header Card)",[],True,False,False,True,Seasonal Toys,98.0,B0BGY6TS9W,2026-02-01,,,,,
In Stock,ACTIVE: PROMO,0.0,0.0,,0.0,1.0,5.0,0.0,True,,4.3,125.0,8.51,,,1102.0,Warner Bros Movies,,"B0BGY6TS9W (Elf: Holiday Plush Squeaker Buddy the Elf, Clausometer, and Ornament Ball Set - 3pc Mesh Bag + Header Card)",[],True,False,False,True,Seasonal Toys,98.0,B0BGY6TS9W,2026-01-31,,,,,
In Stock,ACTIVE: PROMO,0.0,0.0,,0.0,1.0,5.0,0.0,True,,4.3,125.0,8.51,,,1020.0,Warner Bros Movies,,"B0BGY6TS9W (Elf: Holiday Plush Squeaker Buddy the Elf, Clausometer, and Ornament Ball Set - 3pc Mesh Bag + Header Card)",[],True,False,False,True,Seasonal Toys,98.0,B0BGY6TS9W,2026-01-30,,,,,
